------------------------------------------------------------
Timing Analyzer Summary
------------------------------------------------------------

Type  : Slow 1100mV 85C Model Setup 'clock'
Slack : 2.203
TNS   : 0.000

Type  : Slow 1100mV 85C Model Hold 'clock'
Slack : 0.740
TNS   : 0.000

Type  : Slow 1100mV 85C Model Minimum Pulse Width 'clock'
Slack : 0.364
TNS   : 0.000

Type  : Slow 1100mV 0C Model Setup 'clock'
Slack : 2.207
TNS   : 0.000

Type  : Slow 1100mV 0C Model Hold 'clock'
Slack : 0.744
TNS   : 0.000

Type  : Slow 1100mV 0C Model Minimum Pulse Width 'clock'
Slack : 0.265
TNS   : 0.000

Type  : Fast 1100mV 85C Model Setup 'clock'
Slack : 3.015
TNS   : 0.000

Type  : Fast 1100mV 85C Model Hold 'clock'
Slack : 0.258
TNS   : 0.000

Type  : Fast 1100mV 85C Model Minimum Pulse Width 'clock'
Slack : 0.600
TNS   : 0.000

Type  : Fast 1100mV 0C Model Setup 'clock'
Slack : 3.013
TNS   : 0.000

Type  : Fast 1100mV 0C Model Hold 'clock'
Slack : 0.225
TNS   : 0.000

Type  : Fast 1100mV 0C Model Minimum Pulse Width 'clock'
Slack : 0.600
TNS   : 0.000

------------------------------------------------------------
